// Jest Snapshot v1, https://goo.gl/fbAQLP

exports[`Component DrawerToolbar matches snapshot 1`] = `
<v-toolbar flat="" class="transparent">
    <v-list class="pa-0">
        <v-list-tile to="[object Object]" target="_blank">
            <v-list-tile-avatar>
                <img>
            </v-list-tile-avatar>
            <v-list-tile-content>
                <v-list-tile-title>bar</v-list-tile-title>
            </v-list-tile-content>
        </v-list-tile>
    </v-list>
</v-toolbar>
`;
