// Jest Snapshot v1, https://goo.gl/fbAQLP

exports[`React CardText Component match snapshot 1`] = `
<div
  className="xs12 card__text"
  id="test"
>
  foo
</div>
`;
