// Jest Snapshot v1, https://goo.gl/fbAQLP

exports[`React Card Component match snapshot 1`] = `
<div
  className="primary card"
  style={
    Object {
      "height": "auto",
    }
  }
>
  foo
</div>
`;
