// Jest Snapshot v1, https://goo.gl/fbAQLP

exports[`React Row Component match snapshot 1`] = `
<div
  className="layout row"
>
  foo
</div>
`;
